[INFO] Scanning for projects...
[INFO] 
[INFO] ------------------< com.optshop:OpticalShop-backend >-------------------
[INFO] Building OpticalShop-backend 0.0.1-SNAPSHOT
[INFO]   from pom.xml
[INFO] --------------------------------[ jar ]---------------------------------
[INFO] 
[INFO] --- jacoco:0.8.11:prepare-agent (default) @ OpticalShop-backend ---
[INFO] argLine set to -javaagent:C:\\Users\\Asus\\.m2\\repository\\org\\jacoco\\org.jacoco.agent\\0.8.11\\org.jacoco.agent-0.8.11-runtime.jar=destfile=C:\\Users\\Asus\\Desktop\\Assignment\\second-round-assignm-final-14262-ganesh\\target\\jacoco.exec
[INFO] 
[INFO] --- resources:3.3.1:resources (default-resources) @ OpticalShop-backend ---
[INFO] Copying 1 resource from src\main\resources to target\classes
[INFO] Copying 0 resource from src\main\resources to target\classes
[INFO] 
[INFO] --- compiler:3.14.1:compile (default-compile) @ OpticalShop-backend ---
[INFO] Nothing to compile - all classes are up to date.
[INFO] 
[INFO] --- resources:3.3.1:testResources (default-testResources) @ OpticalShop-backend ---
[INFO] Copying 1 resource from src\test\resources to target\test-classes
[INFO] 
[INFO] --- compiler:3.14.1:testCompile (default-testCompile) @ OpticalShop-backend ---
[INFO] Recompiling the module because of changed source code.
[INFO] Compiling 12 source files with javac [debug parameters release 21] to target\test-classes
[INFO] -------------------------------------------------------------
[ERROR] COMPILATION ERROR : 
[INFO] -------------------------------------------------------------
[ERROR] /C:/Users/Asus/Desktop/Assignment/second-round-assignm-final-14262-ganesh/src/test/java/com/optshop/EntityAndDtoTest.java:[25,26] constructor AuthResponse in class com.optshop.dto.AuthResponse cannot be applied to given types;
  required: java.lang.String
  found:    no arguments
  reason: actual and formal argument lists differ in length
[ERROR] /C:/Users/Asus/Desktop/Assignment/second-round-assignm-final-14262-ganesh/src/test/java/com/optshop/EntityAndDtoTest.java:[27,10] cannot find symbol
  symbol:   method setMessage(java.lang.String)
  location: variable a of type com.optshop.dto.AuthResponse
[ERROR] /C:/Users/Asus/Desktop/Assignment/second-round-assignm-final-14262-ganesh/src/test/java/com/optshop/EntityAndDtoTest.java:[29,28] cannot find symbol
  symbol:   method getMessage()
  location: variable a of type com.optshop.dto.AuthResponse
[ERROR] /C:/Users/Asus/Desktop/Assignment/second-round-assignm-final-14262-ganesh/src/test/java/com/optshop/EntityAndDtoTest.java:[31,27] constructor AuthResponse in class com.optshop.dto.AuthResponse cannot be applied to given types;
  required: java.lang.String
  found:    java.lang.String,java.lang.String
  reason: actual and formal argument lists differ in length
[ERROR] /C:/Users/Asus/Desktop/Assignment/second-round-assignm-final-14262-ganesh/src/test/java/com/optshop/controller/AuthControllerTest.java:[31,28] constructor AuthResponse in class com.optshop.dto.AuthResponse cannot be applied to given types;
  required: java.lang.String
  found:    no arguments
  reason: actual and formal argument lists differ in length
[ERROR] /C:/Users/Asus/Desktop/Assignment/second-round-assignm-final-14262-ganesh/src/test/java/com/optshop/controller/ProductControllerTest.java:[35,55] cannot find symbol
  symbol:   method getAll()
  location: variable controller of type com.optshop.controller.ProductController
[INFO] 6 errors 
[INFO] -------------------------------------------------------------
[INFO] ------------------------------------------------------------------------
[INFO] BUILD FAILURE
[INFO] ------------------------------------------------------------------------
[INFO] Total time:  2.915 s
[INFO] Finished at: 2026-04-02T12:44:15+05:30
[INFO] ------------------------------------------------------------------------
[ERROR] Failed to execute goal org.apache.maven.plugins:maven-compiler-plugin:3.14.1:testCompile (default-testCompile) on project OpticalShop-backend: Compilation failure: Compilation failure: 
[ERROR] /C:/Users/Asus/Desktop/Assignment/second-round-assignm-final-14262-ganesh/src/test/java/com/optshop/EntityAndDtoTest.java:[25,26] constructor AuthResponse in class com.optshop.dto.AuthResponse cannot be applied to given types;
[ERROR]   required: java.lang.String
[ERROR]   found:    no arguments
[ERROR]   reason: actual and formal argument lists differ in length
[ERROR] /C:/Users/Asus/Desktop/Assignment/second-round-assignm-final-14262-ganesh/src/test/java/com/optshop/EntityAndDtoTest.java:[27,10] cannot find symbol
[ERROR]   symbol:   method setMessage(java.lang.String)
[ERROR]   location: variable a of type com.optshop.dto.AuthResponse
[ERROR] /C:/Users/Asus/Desktop/Assignment/second-round-assignm-final-14262-ganesh/src/test/java/com/optshop/EntityAndDtoTest.java:[29,28] cannot find symbol
[ERROR]   symbol:   method getMessage()
[ERROR]   location: variable a of type com.optshop.dto.AuthResponse
[ERROR] /C:/Users/Asus/Desktop/Assignment/second-round-assignm-final-14262-ganesh/src/test/java/com/optshop/EntityAndDtoTest.java:[31,27] constructor AuthResponse in class com.optshop.dto.AuthResponse cannot be applied to given types;
[ERROR]   required: java.lang.String
[ERROR]   found:    java.lang.String,java.lang.String
[ERROR]   reason: actual and formal argument lists differ in length
[ERROR] /C:/Users/Asus/Desktop/Assignment/second-round-assignm-final-14262-ganesh/src/test/java/com/optshop/controller/AuthControllerTest.java:[31,28] constructor AuthResponse in class com.optshop.dto.AuthResponse cannot be applied to given types;
[ERROR]   required: java.lang.String
[ERROR]   found:    no arguments
[ERROR]   reason: actual and formal argument lists differ in length
[ERROR] /C:/Users/Asus/Desktop/Assignment/second-round-assignm-final-14262-ganesh/src/test/java/com/optshop/controller/ProductControllerTest.java:[35,55] cannot find symbol
[ERROR]   symbol:   method getAll()
[ERROR]   location: variable controller of type com.optshop.controller.ProductController
[ERROR] -> [Help 1]
[ERROR] 
[ERROR] To see the full stack trace of the errors, re-run Maven with the -e switch.
[ERROR] Re-run Maven using the -X switch to enable full debug logging.
[ERROR] 
[ERROR] For more information about the errors and possible solutions, please read the following articles:
[ERROR] [Help 1] http://cwiki.apache.org/confluence/display/MAVEN/MojoFailureException
